../Core/Src/main.c:219:6:HAL_UARTEx_RxEventCallback	56	static
../Core/Src/main.c:242:6:parseEndian	24	static
../Core/Src/main.c:247:6:extractBits	24	static
../Core/Src/main.c:254:9:read_Hreg	24	static
../Core/Src/main.c:272:9:write_singleHreg	32	static
../Core/Src/main.c:292:9:write_MultipleHreg	40	static
../Core/Src/main.c:318:5:isFull	24	static
../Core/Src/main.c:323:5:isEmpty	16	static
../Core/Src/main.c:328:5:enqueue	32	static
../Core/Src/main.c:337:5:dequeue	16	static
../Core/Src/main.c:343:5:insertqueue	40	static
../Core/Src/main.c:360:6:sortByProximity	32	static
../Core/Src/main.c:376:5:elevatorQueueManage	24	static
../Core/Src/main.c:399:5:main	8	static
../Core/Src/main.c:501:6:SystemClock_Config	88	static
../Core/Src/main.c:549:13:MX_USART1_UART_Init	8	static
../Core/Src/main.c:582:13:MX_USART2_UART_Init	8	static
../Core/Src/main.c:615:13:MX_GPIO_Init	48	static
../Core/Src/main.c:660:6:vParsing	56	static
../Core/Src/main.c:686:6:vServeQueue	32	static
../Core/Src/main.c:713:6:vTransit	16	static
../Core/Src/main.c:754:6:vUART_Write	16	static
../Core/Src/main.c:772:6:vUART_Read	24	static
../Core/Src/main.c:817:6:vProcess	88	static
../Core/Src/main.c:886:6:HAL_TIM_PeriodElapsedCallback	16	static
../Core/Src/main.c:904:6:Error_Handler	4	static,ignoring_inline_asm
