../Core/Src/main.c:255:6:HAL_UARTEx_RxEventCallback	64	static
../Core/Src/main.c:289:6:writeBit	16	static
../Core/Src/main.c:297:6:parseEndian	24	static
../Core/Src/main.c:302:6:extractBits	24	static
../Core/Src/main.c:310:9:read_Hreg	24	static
../Core/Src/main.c:328:9:write_singleHreg	32	static
../Core/Src/main.c:348:9:write_MultipleHreg	40	static
../Core/Src/main.c:374:5:isFull	24	static
../Core/Src/main.c:379:5:isEmpty	16	static
../Core/Src/main.c:384:5:enqueue	24	static
../Core/Src/main.c:393:5:dequeue	16	static
../Core/Src/main.c:417:6:sortByProximity	32	static
../Core/Src/main.c:433:5:elevatorQueueManage	24	static
../Core/Src/main.c:456:5:main	8	static
../Core/Src/main.c:568:6:SystemClock_Config	88	static
../Core/Src/main.c:616:13:MX_USART1_UART_Init	8	static
../Core/Src/main.c:649:13:MX_USART2_UART_Init	8	static
../Core/Src/main.c:682:13:MX_GPIO_Init	48	static
../Core/Src/main.c:727:6:vParsing	64	static
../Core/Src/main.c:777:6:vServeQueue	32	static
../Core/Src/main.c:847:6:vTransit	24	static
../Core/Src/main.c:877:6:vUART_Write	24	static
../Core/Src/main.c:971:6:vUART_Read	24	static
../Core/Src/main.c:1015:6:vProcess	136	static
../Core/Src/main.c:1077:6:vStartTransit	24	static,ignoring_inline_asm
../Core/Src/main.c:1087:6:vReach	24	static,ignoring_inline_asm
../Core/Src/main.c:1104:6:HAL_TIM_PeriodElapsedCallback	16	static
../Core/Src/main.c:1122:6:Error_Handler	4	static,ignoring_inline_asm
