../Core/Src/main.c:146:6:HAL_UARTEx_RxEventCallback	56	static
../Core/Src/main.c:169:6:parseEndian	24	static
../Core/Src/main.c:174:9:read_Hreg	24	static
../Core/Src/main.c:192:9:write_singleHreg	32	static
../Core/Src/main.c:212:9:write_MultipleHreg	40	static
../Core/Src/main.c:244:5:main	8	static
../Core/Src/main.c:334:6:SystemClock_Config	88	static
../Core/Src/main.c:382:13:MX_USART1_UART_Init	8	static
../Core/Src/main.c:415:13:MX_USART2_UART_Init	8	static
../Core/Src/main.c:448:13:MX_GPIO_Init	48	static
../Core/Src/main.c:493:6:vUART_WriteTask	16	static
../Core/Src/main.c:511:6:vUART_ReadTask	24	static
../Core/Src/main.c:556:6:vProcessTask	56	static
../Core/Src/main.c:582:6:HAL_TIM_PeriodElapsedCallback	16	static
../Core/Src/main.c:600:6:Error_Handler	4	static,ignoring_inline_asm
