../Core/Src/main.c:288:6:HAL_UARTEx_RxEventCallback	64	static
../Core/Src/main.c:322:6:writeBit	16	static
../Core/Src/main.c:330:6:parseEndian	24	static
../Core/Src/main.c:335:6:extractBits	32	static
../Core/Src/main.c:343:9:read_Hreg	24	static
../Core/Src/main.c:361:9:write_singleHreg	32	static
../Core/Src/main.c:381:9:write_MultipleHreg	40	static
../Core/Src/main.c:407:5:isFull	24	static
../Core/Src/main.c:412:5:isEmpty	16	static
../Core/Src/main.c:417:5:enqueue	24	static
../Core/Src/main.c:426:5:dequeue	16	static
../Core/Src/main.c:467:6:sortByProximity	48	static
../Core/Src/main.c:487:5:elevatorQueueManage	24	static
../Core/Src/main.c:518:5:main	8	static
../Core/Src/main.c:631:6:SystemClock_Config	88	static
../Core/Src/main.c:678:13:MX_USART1_UART_Init	8	static
../Core/Src/main.c:711:13:MX_USART2_UART_Init	8	static
../Core/Src/main.c:744:13:MX_GPIO_Init	48	static
../Core/Src/main.c:799:6:vParsing	64	static
../Core/Src/main.c:848:6:vServeQueue	32	static
../Core/Src/main.c:923:6:vTransit	16	static
../Core/Src/main.c:956:6:vUART_Write	24	static
../Core/Src/main.c:1051:6:vUART_Read	24	static
../Core/Src/main.c:1097:6:vProcess	184	static
../Core/Src/main.c:1220:6:vStartTransit	24	static,ignoring_inline_asm
../Core/Src/main.c:1231:6:vReach	24	static,ignoring_inline_asm
../Core/Src/main.c:1248:6:HAL_TIM_PeriodElapsedCallback	16	static
../Core/Src/main.c:1266:6:Error_Handler	4	static,ignoring_inline_asm
