../Core/Src/main.c:213:6:HAL_UARTEx_RxEventCallback	56	static
../Core/Src/main.c:236:6:parseEndian	24	static
../Core/Src/main.c:241:9:read_Hreg	24	static
../Core/Src/main.c:259:9:write_singleHreg	32	static
../Core/Src/main.c:279:9:write_MultipleHreg	40	static
../Core/Src/main.c:305:5:isFull	24	static
../Core/Src/main.c:310:5:isEmpty	16	static
../Core/Src/main.c:315:5:enqueue	24	static
../Core/Src/main.c:324:5:dequeue	16	static
../Core/Src/main.c:332:5:insertqueue	40	static
../Core/Src/main.c:349:5:ElevatorQueueManage	24	static
../Core/Src/main.c:363:5:main	8	static
../Core/Src/main.c:465:6:SystemClock_Config	88	static
../Core/Src/main.c:513:13:MX_USART1_UART_Init	8	static
../Core/Src/main.c:546:13:MX_USART2_UART_Init	8	static
../Core/Src/main.c:579:13:MX_GPIO_Init	48	static
../Core/Src/main.c:624:6:vParsing	56	static
../Core/Src/main.c:650:6:vServeQueue	24	static
../Core/Src/main.c:677:6:vTransit	24	static
../Core/Src/main.c:703:6:vUART_Write	16	static
../Core/Src/main.c:721:6:vUART_Read	24	static
../Core/Src/main.c:766:6:vProcess	88	static
../Core/Src/main.c:857:6:HAL_TIM_PeriodElapsedCallback	16	static
../Core/Src/main.c:875:6:Error_Handler	4	static,ignoring_inline_asm
