../Core/Src/main.c:253:6:HAL_UARTEx_RxEventCallback	56	static
../Core/Src/main.c:280:6:writeBit	16	static
../Core/Src/main.c:287:6:parseEndian	24	static
../Core/Src/main.c:292:6:extractBits	24	static
../Core/Src/main.c:299:9:read_Hreg	24	static
../Core/Src/main.c:317:9:write_singleHreg	32	static
../Core/Src/main.c:337:9:write_MultipleHreg	40	static
../Core/Src/main.c:363:5:isFull	24	static
../Core/Src/main.c:368:5:isEmpty	16	static
../Core/Src/main.c:373:5:enqueue	32	static
../Core/Src/main.c:382:5:dequeue	16	static
../Core/Src/main.c:389:5:insertqueue	40	static
../Core/Src/main.c:406:6:sortByProximity	32	static
../Core/Src/main.c:422:5:elevatorQueueManage	24	static
../Core/Src/main.c:445:5:main	8	static
../Core/Src/main.c:556:6:SystemClock_Config	88	static
../Core/Src/main.c:604:13:MX_USART1_UART_Init	8	static
../Core/Src/main.c:637:13:MX_USART2_UART_Init	8	static
../Core/Src/main.c:670:13:MX_GPIO_Init	48	static
../Core/Src/main.c:715:6:vParsing	56	static
../Core/Src/main.c:741:6:vServeQueue	32	static
../Core/Src/main.c:811:6:vTransit	24	static
../Core/Src/main.c:841:6:vUART_Write	24	static
../Core/Src/main.c:931:6:vUART_Read	24	static
../Core/Src/main.c:976:6:vProcess	88	static
../Core/Src/main.c:1037:6:vStartTransit	16	static
../Core/Src/main.c:1045:6:vReach	16	static
../Core/Src/main.c:1060:6:HAL_TIM_PeriodElapsedCallback	16	static
../Core/Src/main.c:1078:6:Error_Handler	4	static,ignoring_inline_asm
