../Core/Src/main.c:297:6:HAL_UARTEx_RxEventCallback	64	static
../Core/Src/main.c:331:6:writeBit	16	static
../Core/Src/main.c:339:6:parseEndian	24	static
../Core/Src/main.c:344:6:extractBits	32	static
../Core/Src/main.c:352:9:read_Hreg	24	static
../Core/Src/main.c:370:9:write_singleHreg	32	static
../Core/Src/main.c:390:9:write_MultipleHreg	40	static
../Core/Src/main.c:416:5:isFull	24	static
../Core/Src/main.c:421:5:isEmpty	16	static
../Core/Src/main.c:426:5:enqueue	24	static
../Core/Src/main.c:435:5:dequeue	16	static
../Core/Src/main.c:476:6:sortByProximity	48	static
../Core/Src/main.c:496:5:elevatorQueueManage	24	static
../Core/Src/main.c:529:5:main	8	static
../Core/Src/main.c:645:6:SystemClock_Config	88	static
../Core/Src/main.c:692:13:MX_USART1_UART_Init	8	static
../Core/Src/main.c:725:13:MX_USART2_UART_Init	8	static
../Core/Src/main.c:758:13:MX_GPIO_Init	48	static
../Core/Src/main.c:813:6:vParsing	64	static
../Core/Src/main.c:862:6:vServeQueue	32	static
../Core/Src/main.c:900:6:vTransit	16	static
../Core/Src/main.c:934:6:vUART_Write	24	static
../Core/Src/main.c:1042:6:vUART_Read	24	static
../Core/Src/main.c:1088:6:vProcess	184	static
../Core/Src/main.c:1220:6:vStopper	24	static
../Core/Src/main.c:1270:6:vStartTransit	24	static,ignoring_inline_asm
../Core/Src/main.c:1282:6:vReach	24	static,ignoring_inline_asm
../Core/Src/main.c:1299:6:HAL_TIM_PeriodElapsedCallback	16	static
../Core/Src/main.c:1317:6:Error_Handler	4	static,ignoring_inline_asm
