../Core/Src/main.c:123:6:HAL_UARTEx_RxEventCallback	40	static
../Core/Src/main.c:155:6:parseEndian	24	static
../Core/Src/main.c:160:9:readHreg	24	static
../Core/Src/main.c:178:9:writeHreg	32	static
../Core/Src/main.c:209:5:main	8	static
../Core/Src/main.c:298:6:SystemClock_Config	88	static
../Core/Src/main.c:346:13:MX_USART1_UART_Init	8	static
../Core/Src/main.c:379:13:MX_USART2_UART_Init	8	static
../Core/Src/main.c:412:13:MX_GPIO_Init	48	static
../Core/Src/main.c:457:6:StartDefaultTask	16	static
../Core/Src/main.c:475:6:vmodbusTask	56	static
../Core/Src/main.c:509:6:vprocessTask	56	static
../Core/Src/main.c:534:6:HAL_TIM_PeriodElapsedCallback	16	static
../Core/Src/main.c:552:6:Error_Handler	4	static,ignoring_inline_asm
