../Core/Src/main.c:241:6:HAL_UARTEx_RxEventCallback	56	static
../Core/Src/main.c:265:6:parseEndian	24	static
../Core/Src/main.c:270:6:extractBits	24	static
../Core/Src/main.c:277:9:read_Hreg	24	static
../Core/Src/main.c:295:9:write_singleHreg	32	static
../Core/Src/main.c:315:9:write_MultipleHreg	40	static
../Core/Src/main.c:341:5:isFull	24	static
../Core/Src/main.c:346:5:isEmpty	16	static
../Core/Src/main.c:351:5:enqueue	32	static
../Core/Src/main.c:360:5:dequeue	16	static
../Core/Src/main.c:367:5:insertqueue	40	static
../Core/Src/main.c:384:6:sortByProximity	32	static
../Core/Src/main.c:400:5:elevatorQueueManage	24	static
../Core/Src/main.c:423:5:main	8	static
../Core/Src/main.c:530:6:SystemClock_Config	88	static
../Core/Src/main.c:578:13:MX_USART1_UART_Init	8	static
../Core/Src/main.c:611:13:MX_USART2_UART_Init	8	static
../Core/Src/main.c:644:13:MX_GPIO_Init	48	static
../Core/Src/main.c:689:6:vParsing	56	static
../Core/Src/main.c:715:6:vServeQueue	32	static
../Core/Src/main.c:783:6:vTransit	24	static
../Core/Src/main.c:815:6:vUART_Write	16	static
../Core/Src/main.c:833:6:vUART_Read	24	static
../Core/Src/main.c:878:6:vProcess	88	static
../Core/Src/main.c:940:6:vStartTransit	16	static
../Core/Src/main.c:955:6:HAL_TIM_PeriodElapsedCallback	16	static
../Core/Src/main.c:973:6:Error_Handler	4	static,ignoring_inline_asm
