../Core/Src/main.c:251:6:HAL_UARTEx_RxEventCallback	56	static
../Core/Src/main.c:278:6:writeBit	16	static
../Core/Src/main.c:285:6:parseEndian	24	static
../Core/Src/main.c:290:6:extractBits	24	static
../Core/Src/main.c:297:9:read_Hreg	24	static
../Core/Src/main.c:315:9:write_singleHreg	32	static
../Core/Src/main.c:335:9:write_MultipleHreg	40	static
../Core/Src/main.c:361:5:isFull	24	static
../Core/Src/main.c:366:5:isEmpty	16	static
../Core/Src/main.c:371:5:enqueue	32	static
../Core/Src/main.c:380:5:dequeue	16	static
../Core/Src/main.c:387:5:insertqueue	40	static
../Core/Src/main.c:404:6:sortByProximity	32	static
../Core/Src/main.c:420:5:elevatorQueueManage	24	static
../Core/Src/main.c:443:5:main	8	static
../Core/Src/main.c:554:6:SystemClock_Config	88	static
../Core/Src/main.c:602:13:MX_USART1_UART_Init	8	static
../Core/Src/main.c:635:13:MX_USART2_UART_Init	8	static
../Core/Src/main.c:668:13:MX_GPIO_Init	48	static
../Core/Src/main.c:713:6:vParsing	56	static
../Core/Src/main.c:739:6:vServeQueue	32	static
../Core/Src/main.c:809:6:vTransit	24	static
../Core/Src/main.c:839:6:vUART_Write	24	static
../Core/Src/main.c:929:6:vUART_Read	24	static
../Core/Src/main.c:974:6:vProcess	88	static
../Core/Src/main.c:1035:6:vStartTransit	16	static
../Core/Src/main.c:1043:6:vReach	16	static
../Core/Src/main.c:1058:6:HAL_TIM_PeriodElapsedCallback	16	static
../Core/Src/main.c:1076:6:Error_Handler	4	static,ignoring_inline_asm
