../Core/Src/main.c:192:6:HAL_UARTEx_RxEventCallback	56	static
../Core/Src/main.c:215:6:parseEndian	24	static
../Core/Src/main.c:220:9:read_Hreg	24	static
../Core/Src/main.c:238:9:write_singleHreg	32	static
../Core/Src/main.c:258:9:write_MultipleHreg	40	static
../Core/Src/main.c:284:5:enqueue	24	static
../Core/Src/main.c:295:5:dequeue	16	static
../Core/Src/main.c:308:5:main	8	static
../Core/Src/main.c:407:6:SystemClock_Config	88	static
../Core/Src/main.c:455:13:MX_USART1_UART_Init	8	static
../Core/Src/main.c:488:13:MX_USART2_UART_Init	8	static
../Core/Src/main.c:521:13:MX_GPIO_Init	48	static
../Core/Src/main.c:566:6:vProcess	56	static
../Core/Src/main.c:591:6:vServeQueue	24	static
../Core/Src/main.c:619:6:vTransit	24	static
../Core/Src/main.c:645:6:vUART_Write	16	static
../Core/Src/main.c:663:6:vUART_Read	24	static
../Core/Src/main.c:709:6:HAL_TIM_PeriodElapsedCallback	16	static
../Core/Src/main.c:727:6:Error_Handler	4	static,ignoring_inline_asm
