../Core/Src/main.c:200:6:HAL_UARTEx_RxEventCallback	56	static
../Core/Src/main.c:223:6:parseEndian	24	static
../Core/Src/main.c:228:9:read_Hreg	24	static
../Core/Src/main.c:246:9:write_singleHreg	32	static
../Core/Src/main.c:266:9:write_MultipleHreg	40	static
../Core/Src/main.c:292:5:enqueue	24	static
../Core/Src/main.c:303:5:dequeue	16	static
../Core/Src/main.c:318:5:main	8	static
../Core/Src/main.c:420:6:SystemClock_Config	88	static
../Core/Src/main.c:468:13:MX_USART1_UART_Init	8	static
../Core/Src/main.c:501:13:MX_USART2_UART_Init	8	static
../Core/Src/main.c:534:13:MX_GPIO_Init	48	static
../Core/Src/main.c:579:6:vParsing	56	static
../Core/Src/main.c:605:6:vServeQueue	24	static
../Core/Src/main.c:632:6:vTransit	24	static
../Core/Src/main.c:658:6:vUART_Write	16	static
../Core/Src/main.c:676:6:vUART_Read	24	static
../Core/Src/main.c:721:6:vProcess	80	static
../Core/Src/main.c:782:6:HAL_TIM_PeriodElapsedCallback	16	static
../Core/Src/main.c:800:6:Error_Handler	4	static,ignoring_inline_asm
