../Core/Src/main.c:107:6:HAL_UARTEx_RxEventCallback	32	static
../Core/Src/main.c:121:6:parseEndian	24	static
../Core/Src/main.c:126:9:readHreg	24	static
../Core/Src/main.c:144:9:writeHreg	32	static
../Core/Src/main.c:174:5:main	8	static
../Core/Src/main.c:263:6:SystemClock_Config	88	static
../Core/Src/main.c:311:13:MX_USART1_UART_Init	8	static
../Core/Src/main.c:344:13:MX_USART2_UART_Init	8	static
../Core/Src/main.c:377:13:MX_GPIO_Init	48	static
../Core/Src/main.c:422:6:StartDefaultTask	16	static
../Core/Src/main.c:440:6:vmodbusTask	96	static
../Core/Src/main.c:478:6:vprocessTask	16	static
../Core/Src/main.c:506:6:HAL_TIM_PeriodElapsedCallback	16	static
../Core/Src/main.c:524:6:Error_Handler	4	static,ignoring_inline_asm
