../Core/Src/main.c:298:6:HAL_UARTEx_RxEventCallback	64	static
../Core/Src/main.c:332:6:writeBit	16	static
../Core/Src/main.c:340:6:parseEndian	24	static
../Core/Src/main.c:345:6:extractBits	32	static
../Core/Src/main.c:353:9:read_Hreg	24	static
../Core/Src/main.c:371:9:write_singleHreg	32	static
../Core/Src/main.c:391:9:write_MultipleHreg	40	static
../Core/Src/main.c:417:5:isFull	24	static
../Core/Src/main.c:422:5:isEmpty	16	static
../Core/Src/main.c:427:5:enqueue	24	static
../Core/Src/main.c:438:5:dequeue	16	static
../Core/Src/main.c:480:6:sortByProximity	48	static
../Core/Src/main.c:500:5:elevatorQueueManage	24	static
../Core/Src/main.c:533:5:main	8	static
../Core/Src/main.c:649:6:SystemClock_Config	88	static
../Core/Src/main.c:696:13:MX_USART1_UART_Init	8	static
../Core/Src/main.c:729:13:MX_USART2_UART_Init	8	static
../Core/Src/main.c:762:13:MX_GPIO_Init	48	static
../Core/Src/main.c:817:6:vParsing	64	static
../Core/Src/main.c:866:6:vServeQueue	32	static
../Core/Src/main.c:904:6:vTransit	16	static
../Core/Src/main.c:938:6:vUART_Write	24	static
../Core/Src/main.c:1043:6:vUART_Read	24	static
../Core/Src/main.c:1089:6:vProcess	184	static
../Core/Src/main.c:1221:6:vStopper	24	static
../Core/Src/main.c:1271:6:vStartTransit	24	static,ignoring_inline_asm
../Core/Src/main.c:1283:6:vReach	24	static,ignoring_inline_asm
../Core/Src/main.c:1300:6:HAL_TIM_PeriodElapsedCallback	16	static
../Core/Src/main.c:1318:6:Error_Handler	4	static,ignoring_inline_asm
