../Core/Src/main.c:181:6:HAL_UARTEx_RxEventCallback	16	static
../Core/Src/main.c:198:6:parseEndian	24	static
../Core/Src/main.c:203:9:read_Hreg	24	static
../Core/Src/main.c:221:9:write_singleHreg	32	static
../Core/Src/main.c:241:9:write_MultipleHreg	40	static
../Core/Src/main.c:273:5:main	8	static
../Core/Src/main.c:363:6:SystemClock_Config	88	static
../Core/Src/main.c:411:13:MX_USART1_UART_Init	8	static
../Core/Src/main.c:444:13:MX_USART2_UART_Init	8	static
../Core/Src/main.c:477:13:MX_GPIO_Init	48	static
../Core/Src/main.c:522:6:vUART_WriteTask	16	static
../Core/Src/main.c:540:6:vUART_ReadTask	24	static
../Core/Src/main.c:585:6:vProcessTask	16	static
../Core/Src/main.c:609:6:HAL_TIM_PeriodElapsedCallback	16	static
../Core/Src/main.c:627:6:Error_Handler	4	static,ignoring_inline_asm
