../Core/Src/main.c:296:6:HAL_UARTEx_RxEventCallback	64	static
../Core/Src/main.c:330:6:writeBit	16	static
../Core/Src/main.c:338:6:parseEndian	24	static
../Core/Src/main.c:343:6:extractBits	32	static
../Core/Src/main.c:351:9:read_Hreg	24	static
../Core/Src/main.c:369:9:write_singleHreg	32	static
../Core/Src/main.c:389:9:write_MultipleHreg	40	static
../Core/Src/main.c:415:5:isFull	24	static
../Core/Src/main.c:420:5:isEmpty	16	static
../Core/Src/main.c:425:5:enqueue	24	static
../Core/Src/main.c:434:5:dequeue	16	static
../Core/Src/main.c:475:6:sortByProximity	48	static
../Core/Src/main.c:495:5:elevatorQueueManage	24	static
../Core/Src/main.c:526:5:main	8	static
../Core/Src/main.c:642:6:SystemClock_Config	88	static
../Core/Src/main.c:689:13:MX_USART1_UART_Init	8	static
../Core/Src/main.c:722:13:MX_USART2_UART_Init	8	static
../Core/Src/main.c:755:13:MX_GPIO_Init	48	static
../Core/Src/main.c:810:6:vParsing	64	static
../Core/Src/main.c:859:6:vServeQueue	32	static
../Core/Src/main.c:897:6:vTransit	16	static
../Core/Src/main.c:931:6:vUART_Write	24	static
../Core/Src/main.c:1026:6:vUART_Read	24	static
../Core/Src/main.c:1072:6:vProcess	184	static
../Core/Src/main.c:1204:6:vStopper	24	static
../Core/Src/main.c:1254:6:vStartTransit	24	static,ignoring_inline_asm
../Core/Src/main.c:1266:6:vReach	24	static,ignoring_inline_asm
../Core/Src/main.c:1283:6:HAL_TIM_PeriodElapsedCallback	16	static
../Core/Src/main.c:1301:6:Error_Handler	4	static,ignoring_inline_asm
