../Core/Src/main.c:226:6:HAL_UARTEx_RxEventCallback	56	static
../Core/Src/main.c:249:6:parseEndian	24	static
../Core/Src/main.c:254:6:extractBits	24	static
../Core/Src/main.c:261:9:read_Hreg	24	static
../Core/Src/main.c:279:9:write_singleHreg	32	static
../Core/Src/main.c:299:9:write_MultipleHreg	40	static
../Core/Src/main.c:325:5:isFull	24	static
../Core/Src/main.c:330:5:isEmpty	16	static
../Core/Src/main.c:335:5:enqueue	32	static
../Core/Src/main.c:344:5:dequeue	16	static
../Core/Src/main.c:351:5:insertqueue	40	static
../Core/Src/main.c:368:6:sortByProximity	32	static
../Core/Src/main.c:384:5:elevatorQueueManage	24	static
../Core/Src/main.c:407:5:main	8	static
../Core/Src/main.c:514:6:SystemClock_Config	88	static
../Core/Src/main.c:562:13:MX_USART1_UART_Init	8	static
../Core/Src/main.c:595:13:MX_USART2_UART_Init	8	static
../Core/Src/main.c:628:13:MX_GPIO_Init	48	static
../Core/Src/main.c:673:6:vParsing	56	static
../Core/Src/main.c:699:6:vServeQueue	32	static
../Core/Src/main.c:767:6:vTransit	24	static
../Core/Src/main.c:799:6:vUART_Write	16	static
../Core/Src/main.c:817:6:vUART_Read	24	static
../Core/Src/main.c:862:6:vProcess	88	static
../Core/Src/main.c:924:6:vStartTransit	16	static
../Core/Src/main.c:939:6:HAL_TIM_PeriodElapsedCallback	16	static
../Core/Src/main.c:957:6:Error_Handler	4	static,ignoring_inline_asm
