../Core/Src/main.c:277:6:HAL_UARTEx_RxEventCallback	64	static
../Core/Src/main.c:311:6:writeBit	16	static
../Core/Src/main.c:319:6:parseEndian	24	static
../Core/Src/main.c:324:6:extractBits	32	static
../Core/Src/main.c:332:9:read_Hreg	24	static
../Core/Src/main.c:350:9:write_singleHreg	32	static
../Core/Src/main.c:370:9:write_MultipleHreg	40	static
../Core/Src/main.c:396:5:isFull	24	static
../Core/Src/main.c:401:5:isEmpty	16	static
../Core/Src/main.c:406:5:enqueue	24	static
../Core/Src/main.c:415:5:dequeue	16	static
../Core/Src/main.c:456:6:sortByProximity	48	static
../Core/Src/main.c:476:5:elevatorQueueManage	24	static
../Core/Src/main.c:507:5:main	8	static
../Core/Src/main.c:619:6:SystemClock_Config	88	static
../Core/Src/main.c:666:13:MX_USART1_UART_Init	8	static
../Core/Src/main.c:699:13:MX_USART2_UART_Init	8	static
../Core/Src/main.c:732:13:MX_GPIO_Init	48	static
../Core/Src/main.c:777:6:vParsing	64	static
../Core/Src/main.c:826:6:vServeQueue	32	static
../Core/Src/main.c:896:6:vTransit	16	static
../Core/Src/main.c:926:6:vUART_Write	24	static
../Core/Src/main.c:1021:6:vUART_Read	24	static
../Core/Src/main.c:1067:6:vProcess	136	static
../Core/Src/main.c:1138:6:vStartTransit	24	static,ignoring_inline_asm
../Core/Src/main.c:1149:6:vReach	24	static,ignoring_inline_asm
../Core/Src/main.c:1167:6:HAL_TIM_PeriodElapsedCallback	16	static
../Core/Src/main.c:1185:6:Error_Handler	4	static,ignoring_inline_asm
