../Core/Src/main.c:221:6:HAL_UARTEx_RxEventCallback	56	static
../Core/Src/main.c:244:6:parseEndian	24	static
../Core/Src/main.c:249:6:extractBits	24	static
../Core/Src/main.c:256:9:read_Hreg	24	static
../Core/Src/main.c:274:9:write_singleHreg	32	static
../Core/Src/main.c:294:9:write_MultipleHreg	40	static
../Core/Src/main.c:320:5:isFull	24	static
../Core/Src/main.c:325:5:isEmpty	16	static
../Core/Src/main.c:330:5:enqueue	32	static
../Core/Src/main.c:339:5:dequeue	16	static
../Core/Src/main.c:346:5:insertqueue	40	static
../Core/Src/main.c:363:6:sortByProximity	32	static
../Core/Src/main.c:379:5:elevatorQueueManage	24	static
../Core/Src/main.c:402:5:main	8	static
../Core/Src/main.c:504:6:SystemClock_Config	88	static
../Core/Src/main.c:552:13:MX_USART1_UART_Init	8	static
../Core/Src/main.c:585:13:MX_USART2_UART_Init	8	static
../Core/Src/main.c:618:13:MX_GPIO_Init	48	static
../Core/Src/main.c:663:6:vParsing	56	static
../Core/Src/main.c:689:6:vServeQueue	32	static
../Core/Src/main.c:756:6:vTransit	24	static
../Core/Src/main.c:789:6:vUART_Write	16	static
../Core/Src/main.c:807:6:vUART_Read	24	static
../Core/Src/main.c:852:6:vProcess	88	static
../Core/Src/main.c:921:6:HAL_TIM_PeriodElapsedCallback	16	static
../Core/Src/main.c:939:6:Error_Handler	4	static,ignoring_inline_asm
