../Core/Src/main.c:131:6:HAL_UARTEx_RxEventCallback	40	static
../Core/Src/main.c:163:6:parseEndian	24	static
../Core/Src/main.c:168:9:readHreg	24	static
../Core/Src/main.c:186:9:writeHreg	32	static
../Core/Src/main.c:217:5:main	8	static
../Core/Src/main.c:306:6:SystemClock_Config	88	static
../Core/Src/main.c:354:13:MX_USART1_UART_Init	8	static
../Core/Src/main.c:387:13:MX_USART2_UART_Init	8	static
../Core/Src/main.c:420:13:MX_GPIO_Init	48	static
../Core/Src/main.c:465:6:StartDefaultTask	16	static
../Core/Src/main.c:483:6:vmodbusTask	56	static
../Core/Src/main.c:517:6:vprocessTask	56	static
../Core/Src/main.c:542:6:HAL_TIM_PeriodElapsedCallback	16	static
../Core/Src/main.c:560:6:Error_Handler	4	static,ignoring_inline_asm
