../Core/Src/main.c:162:6:HAL_UARTEx_RxEventCallback	56	static
../Core/Src/main.c:185:6:parseEndian	24	static
../Core/Src/main.c:190:9:read_Hreg	24	static
../Core/Src/main.c:208:9:write_singleHreg	32	static
../Core/Src/main.c:228:9:write_MultipleHreg	40	static
../Core/Src/main.c:260:5:main	8	static
../Core/Src/main.c:356:6:SystemClock_Config	88	static
../Core/Src/main.c:404:13:MX_USART1_UART_Init	8	static
../Core/Src/main.c:437:13:MX_USART2_UART_Init	8	static
../Core/Src/main.c:470:13:MX_GPIO_Init	48	static
../Core/Src/main.c:515:6:vProcess	56	static
../Core/Src/main.c:540:6:vServeQueue	16	static
../Core/Src/main.c:558:6:vTransit	16	static
../Core/Src/main.c:576:6:vUART_Write	16	static
../Core/Src/main.c:594:6:vUART_Read	24	static
../Core/Src/main.c:640:6:HAL_TIM_PeriodElapsedCallback	16	static
../Core/Src/main.c:658:6:Error_Handler	4	static,ignoring_inline_asm
